// Jest Snapshot v1, https://goo.gl/fbAQLP

exports[`components/toggle/Toggle should render properly when isToggleRightAligned prop is true 1`] = `
<div
  className="bdl-Toggle-container is-toggle-right-aligned"
>
  <label
    className="bdl-Toggle-simple"
  >
    <input
      className="bdl-Toggle-simple-input"
      name="bdl-Toggle"
      onChange={[Function]}
      type="checkbox"
    />
    <div
      className="bdl-Toggle-simple-label"
      key="bdl-Toggle-simple-label"
    >
      Enter things
    </div>
    <div
      className="bdl-Toggle-simpleSwitch"
      key="bdl-Toggle-simpleSwitch"
    />
  </label>
</div>
`;
